---
source: src/day8/antenna_map.rs
assertion_line: 52
expression: "plot_map(&AntennaMap::parse(input.as_str()))"
snapshot_kind: text
---
............
........0...
.....0......
.......0....
....0.......
......A.....
............
............
........A...
.........A..
............
............
