---
source: src/day4/lines.rs
expression: "print_lines(3, 3).unwrap()"
snapshot_kind: text
---
123
...
...

...
123
...

...
...
123

1..
2..
3..

.1.
.2.
.3.

..1
..2
..3

...
1..
.2.

1..
.2.
..3

.1.
..2
...

.2.
1..
...

..3
.2.
1..

...
..2
.1.
