---
source: src/day4/lines.rs
expression: "print_x_lines(4, 4)"
snapshot_kind: text
---
1.6.
.5..
4.3.
....

....
1.6.
.5..
4.3.

.1.6
..5.
.4.3
....

....
.1.6
..5.
.4.3

6.1.
.5..
3.4.
....

....
6.1.
.5..
3.4.

.6.1
..5.
.3.4
....

....
.6.1
..5.
.3.4

6.3.
.5..
1.4.
....

....
6.3.
.5..
1.4.

.6.3
..5.
.1.4
....

....
.6.3
..5.
.1.4

1.4.
.5..
6.3.
....

....
1.4.
.5..
6.3.

.1.4
..5.
.6.3
....

....
.1.4
..5.
.6.3
