---
source: src/day15/robot_plan.rs
assertion_line: 29
expression: print_at_start(&plan)
snapshot_kind: text
---
########
#..O.O.#
##@.O..#
#...O..#
#.#.O..#
#...O..#
#......#
########
