---
source: src/day15/robot_plan.rs
assertion_line: 88
expression: print_warehouse(&plan.scale_up().follow())
snapshot_kind: text
---
####################
##[].......[].[][]##
##[]...........[].##
##[]........[][][]##
##[]......[]....[]##
##..##......[]....##
##..[]............##
##..@......[].[][]##
##......[][]..[]..##
####################
