---
source: src/day15/robot_plan.rs
assertion_line: 67
expression: print_at_end(&plan)
snapshot_kind: text
---
########
#....OO#
##.....#
#.....O#
#.#O@..#
#...O..#
#...O..#
########
