---
source: src/day14/robots.rs
assertion_line: 29
expression: "print(&robots, [11, 7])"
snapshot_kind: text
---
12..........
...........
...........
...........
...........
...........
...........
