---
source: src/day14/robot.rs
assertion_line: 36
expression: "print(&robots, [11, 7])"
snapshot_kind: text
---
12..........
...........
...........
...........
...........
...........
...........
