---
source: src/day14/robot.rs
assertion_line: 86
expression: "print(&after, floor)"
snapshot_kind: text
---
......2..1.
...........
1..........
.11........
.....1.....
...12......
.1....1....
